
========== Launch ==========
[DATASET ] read
[DATAROOT] /usr/data/yeqi3/labram_fold/read
[OUTPUT  ] /usr/data/yeqi3/LaBraM_log/multids/cv/read
[LOG     ] /usr/data/yeqi3/LaBraM_log/multids/log/read
/home/yeqi3/anaconda3/envs/cyr/bin/torchrun --nproc_per_node=3 /home/yeqi3/cyr/code/LaBraM/run_class_finetuning.py --dataset MATH_KFOLD --data_root /usr/data/yeqi3/labram_fold/read --kfold_num 5 --nb_classes 1 --model labram_base_patch200_200 --input_size 200 --batch_size 48 --epochs 50 --lr 0.0005 --warmup_epochs 5 --layer_decay 0.9 --drop_path 0.1 --update_freq 1 --save_ckpt_freq 9999 --num_workers 4 --seed 42 --output_dir /usr/data/yeqi3/LaBraM_log/multids/cv/read --log_dir /usr/data/yeqi3/LaBraM_log/multids/log/read --disable_rel_pos_bias --abs_pos_emb --disable_qkv_bias --finetune /home/yeqi3/cyr/code/LaBraM/checkpoints/labram-base.pth
============================

========== Running fold 0 / 5 ==========
========== Running fold 0 / 5 ==========
========== Running fold 0 / 5 ==========
| distributed init (rank 0): env://, gpu 0
[W1103 11:56:18.773402938 CUDAAllocatorConfig.h:28] Warning: expandable_segments not supported on this platform (function operator())
| distributed init (rank 1): env://, gpu 1
[W1103 11:56:18.776008155 CUDAAllocatorConfig.h:28] Warning: expandable_segments not supported on this platform (function operator())
| distributed init (rank 2): env://, gpu 2
[W1103 11:56:18.870878995 CUDAAllocatorConfig.h:28] Warning: expandable_segments not supported on this platform (function operator())
[rank2]:[W1103 11:56:19.160228185 ProcessGroupNCCL.cpp:4115] [PG ID 0 PG GUID 0 Rank 2]  using GPU 2 to perform barrier as devices used by this process are currently unknown. This can potentially cause a hang if this rank to GPU mapping is incorrect.Specify device_ids in barrier() to force use of a particular device,or call init_process_group() with a device_id.
[rank0]:[W1103 11:56:19.183423084 ProcessGroupNCCL.cpp:4115] [PG ID 0 PG GUID 0 Rank 0]  using GPU 0 to perform barrier as devices used by this process are currently unknown. This can potentially cause a hang if this rank to GPU mapping is incorrect.Specify device_ids in barrier() to force use of a particular device,or call init_process_group() with a device_id.
[rank1]:[W1103 11:56:19.193279126 ProcessGroupNCCL.cpp:4115] [PG ID 0 PG GUID 0 Rank 1]  using GPU 1 to perform barrier as devices used by this process are currently unknown. This can potentially cause a hang if this rank to GPU mapping is incorrect.Specify device_ids in barrier() to force use of a particular device,or call init_process_group() with a device_id.
Namespace(batch_size=48, epochs=50, update_freq=1, save_ckpt_freq=9999, robust_test=None, model='labram_base_patch200_200', qkv_bias=False, rel_pos_bias=False, abs_pos_emb=True, layer_scale_init_value=0.1, input_size=200, drop=0.0, attn_drop_rate=0.0, drop_path=0.1, disable_eval_during_finetuning=False, model_ema=False, model_ema_decay=0.9999, model_ema_force_cpu=False, opt='adamw', opt_eps=1e-08, opt_betas=None, clip_grad=None, momentum=0.9, weight_decay=0.05, weight_decay_end=None, lr=0.0005, layer_decay=0.9, warmup_lr=1e-06, min_lr=1e-06, warmup_epochs=5, warmup_steps=-1, smoothing=0.1, reprob=0.25, remode='pixel', recount=1, resplit=False, finetune='/home/yeqi3/cyr/code/LaBraM/checkpoints/labram-base.pth', model_key='model|module', model_prefix='', model_filter_name='gzp', init_scale=0.001, use_mean_pooling=True, disable_weight_decay_on_rel_pos_bias=False, nb_classes=1, output_dir='/usr/data/yeqi3/LaBraM_log/multids/cv/read/fold_0', log_dir='/usr/data/yeqi3/LaBraM_log/multids/log/read/fold_0', device='cuda', seed=42, resume='', auto_resume=True, save_ckpt=True, start_epoch=0, eval=False, dist_eval=False, num_workers=4, pin_mem=True, world_size=3, local_rank=-1, dist_on_itp=False, dist_url='env://', enable_deepspeed=False, dataset='MATH_KFOLD', data_root='/usr/data/yeqi3/labram_fold/read', kfold_num=5, fold_index=0, rank=0, gpu=0, distributed=True, dist_backend='nccl')
Sampler_train = <torch.utils.data.distributed.DistributedSampler object at 0x7f8de78423e0>
Patch size = 200
Load ckpt from /home/yeqi3/cyr/code/LaBraM/checkpoints/labram-base.pth
Load state_dict by model_key = model
Weights of NeuralTransformer not initialized from pretrained model: ['fc_norm.weight', 'fc_norm.bias', 'head.weight', 'head.bias']
Weights from pretrained model not used in NeuralTransformer: ['mask_token', 'lm_head.weight', 'lm_head.bias', 'norm.weight', 'norm.bias']
number of params: 5820137
LR = 0.00050000
Batch size = 144
Update frequent = 1
Number of training examples = 5222
Number of training training per epoch = 36
Assigned values = [0.2541865828329001, 0.2824295364810001, 0.31381059609000006, 0.3486784401000001, 0.3874204890000001, 0.4304672100000001, 0.4782969000000001, 0.531441, 0.5904900000000001, 0.6561, 0.7290000000000001, 0.81, 0.9, 1.0]
Skip weight decay name marked in model: {'pos_embed', 'time_embed', 'cls_token'}
Optimizer config: {'lr': 0.0005, 'weight_decay': 0.0, 'eps': 1e-08}
Use step level LR scheduler!
Set warmup steps = 180
Set warmup steps = 0
Max WD = 0.0500000, Min WD = 0.0500000
criterion = BCEWithLogitsLoss()
Auto resume checkpoint: /usr/data/yeqi3/LaBraM_log/multids/cv/read/fold_0/checkpoint.pth
Resume checkpoint /usr/data/yeqi3/LaBraM_log/multids/cv/read/fold_0/checkpoint.pth
Resume checkpoint at epoch 49
With optim & sched!
Start training for 50 epochs
[rank1]:[W1103 11:56:20.486363221 reducer.cpp:1400] Warning: find_unused_parameters=True was specified in DDP constructor, but did not find any unused parameters in the forward pass. This flag results in an extra traversal of the autograd graph every iteration,  which can adversely affect performance. If your model indeed never has any unused parameters in the forward pass, consider turning this flag off. Note that this warning may be a false positive if your model has flow control causing later iterations to have unused parameters. (function operator())
[rank0]:[W1103 11:56:20.517685759 reducer.cpp:1400] Warning: find_unused_parameters=True was specified in DDP constructor, but did not find any unused parameters in the forward pass. This flag results in an extra traversal of the autograd graph every iteration,  which can adversely affect performance. If your model indeed never has any unused parameters in the forward pass, consider turning this flag off. Note that this warning may be a false positive if your model has flow control causing later iterations to have unused parameters. (function operator())
[rank2]:[W1103 11:56:20.519637198 reducer.cpp:1400] Warning: find_unused_parameters=True was specified in DDP constructor, but did not find any unused parameters in the forward pass. This flag results in an extra traversal of the autograd graph every iteration,  which can adversely affect performance. If your model indeed never has any unused parameters in the forward pass, consider turning this flag off. Note that this warning may be a false positive if your model has flow control causing later iterations to have unused parameters. (function operator())
Epoch: [1]  [ 0/37]  eta: 0:00:57  lr: 0.000101  min_lr: 0.000026  loss: 0.3488 (0.3488)  class_acc: 0.9167 (0.9167)  loss_scale: 512.0000 (512.0000)  weight_decay: 0.0500 (0.0500)  grad_norm: 16.2510 (16.2510)  time: 1.5659  data: 0.2340  max mem: 18664
Epoch: [1]  [10/37]  eta: 0:00:09  lr: 0.000128  min_lr: 0.000033  loss: 0.4457 (0.4552)  class_acc: 0.8333 (0.8258)  loss_scale: 512.0000 (512.0000)  weight_decay: 0.0500 (0.0500)  grad_norm: 40.3748 (52.6255)  time: 0.3506  data: 0.0214  max mem: 18664
Epoch: [1]  [20/37]  eta: 0:00:04  lr: 0.000156  min_lr: 0.000040  loss: 0.4611 (0.5063)  class_acc: 0.7917 (0.7857)  loss_scale: 512.0000 (512.0000)  weight_decay: 0.0500 (0.0500)  grad_norm: 40.3748 (49.9447)  time: 0.2243  data: 0.0001  max mem: 18664
Epoch: [1]  [30/37]  eta: 0:00:01  lr: 0.000184  min_lr: 0.000047  loss: 0.5647 (0.5208)  class_acc: 0.7083 (0.7634)  loss_scale: 512.0000 (512.0000)  weight_decay: 0.0500 (0.0500)  grad_norm: 28.9557 (40.1858)  time: 0.2192  data: 0.0001  max mem: 18664
Epoch: [1]  [36/37]  eta: 0:00:00  lr: 0.000198  min_lr: 0.000050  loss: 0.5688 (0.5262)  class_acc: 0.7083 (0.7593)  loss_scale: 512.0000 (512.0000)  weight_decay: 0.0500 (0.0500)  grad_norm: 25.0447 (37.6876)  time: 0.2081  data: 0.0001  max mem: 18664
Epoch: [1] Total time: 0:00:09 (0.2540 s / it)
Averaged stats: lr: 0.000198  min_lr: 0.000050  loss: 0.5688 (0.5164)  class_acc: 0.7083 (0.7641)  loss_scale: 512.0000 (512.0000)  weight_decay: 0.0500 (0.0500)  grad_norm: 25.0447 (37.6876)
Val:  [ 0/25]  eta: 0:00:25  loss: 0.7223 (0.7223)  accuracy: 0.6111 (0.6111)  balanced_accuracy: 0.5991 (0.5991)  time: 1.0197  data: 0.2661  max mem: 18664
Val:  [10/25]  eta: 0:00:03  loss: 0.7074 (0.7117)  accuracy: 0.6111 (0.6048)  balanced_accuracy: 0.5991 (0.5891)  time: 0.2037  data: 0.0243  max mem: 18664
Val:  [20/25]  eta: 0:00:00  loss: 0.6821 (0.6818)  accuracy: 0.6250 (0.6290)  balanced_accuracy: 0.6002 (0.6046)  time: 0.1110  data: 0.0002  max mem: 18664
Val:  [24/25]  eta: 0:00:00  loss: 0.6800 (0.6792)  accuracy: 0.6389 (0.6276)  balanced_accuracy: 0.6125 (0.6055)  time: 0.0981  data: 0.0001  max mem: 18664
Val: Total time: 0:00:03 (0.1473 s / it)
* loss 0.679
Accuracy of the network on the 1751 val EEG: 0.63%
Test:  [ 0/25]  eta: 0:00:09  loss: 0.7155 (0.7155)  accuracy: 0.5972 (0.5972)  balanced_accuracy: 0.5828 (0.5828)  time: 0.3704  data: 0.2102  max mem: 18664
Test:  [10/25]  eta: 0:00:01  loss: 0.6478 (0.6349)  accuracy: 0.6389 (0.6629)  balanced_accuracy: 0.6223 (0.6434)  time: 0.1226  data: 0.0193  max mem: 18664
Test:  [20/25]  eta: 0:00:00  loss: 0.6320 (0.6417)  accuracy: 0.6667 (0.6601)  balanced_accuracy: 0.6527 (0.6396)  time: 0.0978  data: 0.0002  max mem: 18664
Test:  [24/25]  eta: 0:00:00  loss: 0.6236 (0.6432)  accuracy: 0.6806 (0.6578)  balanced_accuracy: 0.6562 (0.6386)  time: 0.0983  data: 0.0002  max mem: 18664
Test: Total time: 0:00:02 (0.1123 s / it)
* loss 0.643
Accuracy of the network on the 1762 test EEG: 0.66%
Max accuracy val: 0.63%, max accuracy test: 0.66%
Epoch: [2]  [ 0/37]  eta: 0:00:18  lr: 0.000201  min_lr: 0.000051  loss: 0.6413 (0.6413)  class_acc: 0.6458 (0.6458)  loss_scale: 512.0000 (512.0000)  weight_decay: 0.0500 (0.0500)  grad_norm: 12.4301 (12.4301)  time: 0.5015  data: 0.1644  max mem: 18664
Epoch: [2]  [10/37]  eta: 0:00:06  lr: 0.000229  min_lr: 0.000058  loss: 0.6022 (0.5853)  class_acc: 0.6875 (0.6856)  loss_scale: 512.0000 (512.0000)  weight_decay: 0.0500 (0.0500)  grad_norm: 13.6683 (16.6312)  time: 0.2456  data: 0.0150  max mem: 18664
Epoch: [2]  [20/37]  eta: 0:00:03  lr: 0.000257  min_lr: 0.000065  loss: 0.5663 (0.5690)  class_acc: 0.7083 (0.7063)  loss_scale: 512.0000 (512.0000)  weight_decay: 0.0500 (0.0500)  grad_norm: 15.2997 (18.0922)  time: 0.2199  data: 0.0001  max mem: 18664
Epoch: [2]  [30/37]  eta: 0:00:01  lr: 0.000285  min_lr: 0.000072  loss: 0.5572 (0.5683)  class_acc: 0.7292 (0.7124)  loss_scale: 512.0000 (512.0000)  weight_decay: 0.0500 (0.0500)  grad_norm: 18.4154 (23.1898)  time: 0.2198  data: 0.0002  max mem: 18664
Epoch: [2]  [36/37]  eta: 0:00:00  lr: 0.000299  min_lr: 0.000076  loss: 0.5572 (0.5681)  class_acc: 0.7292 (0.7135)  loss_scale: 512.0000 (512.0000)  weight_decay: 0.0500 (0.0500)  grad_norm: 20.4102 (23.0697)  time: 0.2088  data: 0.0001  max mem: 18664
Epoch: [2] Total time: 0:00:08 (0.2234 s / it)
Averaged stats: lr: 0.000299  min_lr: 0.000076  loss: 0.5572 (0.5596)  class_acc: 0.7292 (0.7270)  loss_scale: 512.0000 (512.0000)  weight_decay: 0.0500 (0.0500)  grad_norm: 20.4102 (23.0697)
Val:  [ 0/25]  eta: 0:00:07  loss: 0.7753 (0.7753)  accuracy: 0.5556 (0.5556)  balanced_accuracy: 0.5664 (0.5664)  time: 0.3055  data: 0.2052  max mem: 18664
Val:  [10/25]  eta: 0:00:01  loss: 0.7264 (0.7087)  accuracy: 0.5833 (0.5997)  balanced_accuracy: 0.5874 (0.6043)  time: 0.1168  data: 0.0188  max mem: 18664
Val:  [20/25]  eta: 0:00:00  loss: 0.7056 (0.7008)  accuracy: 0.5972 (0.6052)  balanced_accuracy: 0.6048 (0.6172)  time: 0.0978  data: 0.0002  max mem: 18664
Val:  [24/25]  eta: 0:00:00  loss: 0.6999 (0.6961)  accuracy: 0.6111 (0.6105)  balanced_accuracy: 0.6378 (0.6216)  time: 0.0944  data: 0.0001  max mem: 18664
Val: Total time: 0:00:02 (0.1057 s / it)
* loss 0.696
Accuracy of the network on the 1751 val EEG: 0.61%
Test:  [ 0/25]  eta: 0:00:07  loss: 0.7465 (0.7465)  accuracy: 0.5833 (0.5833)  balanced_accuracy: 0.5898 (0.5898)  time: 0.3021  data: 0.1994  max mem: 18664
Test:  [10/25]  eta: 0:00:01  loss: 0.6899 (0.6935)  accuracy: 0.6250 (0.6313)  balanced_accuracy: 0.6452 (0.6423)  time: 0.1165  data: 0.0183  max mem: 18664
Test:  [20/25]  eta: 0:00:00  loss: 0.6764 (0.6939)  accuracy: 0.6250 (0.6204)  balanced_accuracy: 0.6352 (0.6304)  time: 0.0978  data: 0.0002  max mem: 18664
Test:  [24/25]  eta: 0:00:00  loss: 0.6666 (0.6891)  accuracy: 0.6250 (0.6237)  balanced_accuracy: 0.6452 (0.6335)  time: 0.0952  data: 0.0001  max mem: 18664
Test: Total time: 0:00:02 (0.1070 s / it)
* loss 0.689
Accuracy of the network on the 1762 test EEG: 0.62%
Max accuracy val: 0.63%, max accuracy test: 0.66%
Epoch: [3]  [ 0/37]  eta: 0:00:14  lr: 0.000302  min_lr: 0.000077  loss: 0.5296 (0.5296)  class_acc: 0.7917 (0.7917)  loss_scale: 512.0000 (512.0000)  weight_decay: 0.0500 (0.0500)  grad_norm: 33.7261 (33.7261)  time: 0.3965  data: 0.1711  max mem: 18664
Epoch: [3]  [10/37]  eta: 0:00:06  lr: 0.000330  min_lr: 0.000084  loss: 0.5546 (0.5526)  class_acc: 0.7083 (0.7178)  loss_scale: 512.0000 (512.0000)  weight_decay: 0.0500 (0.0500)  grad_norm: 19.3807 (20.5300)  time: 0.2483  data: 0.0157  max mem: 18664
Epoch: [3]  [20/37]  eta: 0:00:03  lr: 0.000358  min_lr: 0.000091  loss: 0.5461 (0.5481)  class_acc: 0.7083 (0.7262)  loss_scale: 512.0000 (512.0000)  weight_decay: 0.0500 (0.0500)  grad_norm: 18.3277 (19.0603)  time: 0.2264  data: 0.0001  max mem: 18664
Epoch: [3]  [30/37]  eta: 0:00:01  lr: 0.000385  min_lr: 0.000098  loss: 0.5328 (0.5546)  class_acc: 0.7292 (0.7332)  loss_scale: 512.0000 (512.0000)  weight_decay: 0.0500 (0.0500)  grad_norm: 23.4858 (22.9513)  time: 0.2196  data: 0.0002  max mem: 18664
Epoch: [3]  [36/37]  eta: 0:00:00  lr: 0.000399  min_lr: 0.000102  loss: 0.5328 (0.5523)  class_acc: 0.7292 (0.7355)  loss_scale: 512.0000 (512.0000)  weight_decay: 0.0500 (0.0500)  grad_norm: 19.4013 (22.3390)  time: 0.2091  data: 0.0002  max mem: 18664
Epoch: [3] Total time: 0:00:08 (0.2243 s / it)
Averaged stats: lr: 0.000399  min_lr: 0.000102  loss: 0.5328 (0.5504)  class_acc: 0.7292 (0.7380)  loss_scale: 512.0000 (512.0000)  weight_decay: 0.0500 (0.0500)  grad_norm: 19.4013 (22.3390)
Val:  [ 0/25]  eta: 0:00:08  loss: 0.7158 (0.7158)  accuracy: 0.6111 (0.6111)  balanced_accuracy: 0.6177 (0.6177)  time: 0.3211  data: 0.2183  max mem: 18664
Val:  [10/25]  eta: 0:00:01  loss: 0.6948 (0.6771)  accuracy: 0.6111 (0.6136)  balanced_accuracy: 0.6177 (0.6163)  time: 0.1181  data: 0.0200  max mem: 18664
Val:  [20/25]  eta: 0:00:00  loss: 0.6631 (0.6653)  accuracy: 0.6111 (0.6171)  balanced_accuracy: 0.6220 (0.6223)  time: 0.0978  data: 0.0002  max mem: 18664
Val:  [24/25]  eta: 0:00:00  loss: 0.6631 (0.6639)  accuracy: 0.6111 (0.6179)  balanced_accuracy: 0.6220 (0.6227)  time: 0.0944  data: 0.0001  max mem: 18664
Val: Total time: 0:00:02 (0.1068 s / it)
* loss 0.664
Accuracy of the network on the 1751 val EEG: 0.62%
Test:  [ 0/25]  eta: 0:00:08  loss: 0.7675 (0.7675)  accuracy: 0.5139 (0.5139)  balanced_accuracy: 0.5163 (0.5163)  time: 0.3298  data: 0.2289  max mem: 18664
Test:  [10/25]  eta: 0:00:01  loss: 0.6101 (0.6332)  accuracy: 0.6667 (0.6616)  balanced_accuracy: 0.6737 (0.6676)  time: 0.1199  data: 0.0210  max mem: 18664
Test:  [20/25]  eta: 0:00:00  loss: 0.6313 (0.6445)  accuracy: 0.6389 (0.6376)  balanced_accuracy: 0.6406 (0.6414)  time: 0.0983  data: 0.0001  max mem: 18664
Test:  [24/25]  eta: 0:00:00  loss: 0.6313 (0.6452)  accuracy: 0.6389 (0.6362)  balanced_accuracy: 0.6374 (0.6404)  time: 0.0953  data: 0.0001  max mem: 18664
Test: Total time: 0:00:02 (0.1079 s / it)
* loss 0.645
Accuracy of the network on the 1762 test EEG: 0.64%
Max accuracy val: 0.63%, max accuracy test: 0.66%
Epoch: [4]  [ 0/37]  eta: 0:00:14  lr: 0.000402  min_lr: 0.000102  loss: 0.6589 (0.6589)  class_acc: 0.6458 (0.6458)  loss_scale: 512.0000 (512.0000)  weight_decay: 0.0500 (0.0500)  grad_norm: 18.7256 (18.7256)  time: 0.4017  data: 0.1755  max mem: 18664
Epoch: [4]  [10/37]  eta: 0:00:06  lr: 0.000430  min_lr: 0.000109  loss: 0.5759 (0.5628)  class_acc: 0.7083 (0.7367)  loss_scale: 512.0000 (512.0000)  weight_decay: 0.0500 (0.0500)  grad_norm: 12.1629 (12.9363)  time: 0.2363  data: 0.0161  max mem: 18664
Epoch: [4]  [20/37]  eta: 0:00:03  lr: 0.000458  min_lr: 0.000116  loss: 0.5475 (0.5574)  class_acc: 0.7500 (0.7460)  loss_scale: 512.0000 (512.0000)  weight_decay: 0.0500 (0.0500)  grad_norm: 11.6126 (13.4432)  time: 0.2197  data: 0.0001  max mem: 18664
Epoch: [4]  [30/37]  eta: 0:00:01  lr: 0.000486  min_lr: 0.000124  loss: 0.5557 (0.5601)  class_acc: 0.7500 (0.7406)  loss_scale: 512.0000 (512.0000)  weight_decay: 0.0500 (0.0500)  grad_norm: 12.6623 (13.9632)  time: 0.2196  data: 0.0001  max mem: 18664
Epoch: [4]  [36/37]  eta: 0:00:00  lr: 0.000500  min_lr: 0.000127  loss: 0.5442 (0.5548)  class_acc: 0.7292 (0.7425)  loss_scale: 512.0000 (512.0000)  weight_decay: 0.0500 (0.0500)  grad_norm: 13.6217 (15.6195)  time: 0.2084  data: 0.0001  max mem: 18664
Epoch: [4] Total time: 0:00:08 (0.2206 s / it)
Averaged stats: lr: 0.000500  min_lr: 0.000127  loss: 0.5442 (0.5458)  class_acc: 0.7292 (0.7471)  loss_scale: 512.0000 (512.0000)  weight_decay: 0.0500 (0.0500)  grad_norm: 13.6217 (15.6195)
Val:  [ 0/25]  eta: 0:00:07  loss: 0.7646 (0.7646)  accuracy: 0.5556 (0.5556)  balanced_accuracy: 0.5548 (0.5548)  time: 0.3147  data: 0.2117  max mem: 18664
Val:  [10/25]  eta: 0:00:01  loss: 0.6849 (0.6960)  accuracy: 0.6111 (0.6225)  balanced_accuracy: 0.6108 (0.6177)  time: 0.1176  data: 0.0194  max mem: 18664
Val:  [20/25]  eta: 0:00:00  loss: 0.6704 (0.6766)  accuracy: 0.6389 (0.6429)  balanced_accuracy: 0.6381 (0.6381)  time: 0.0978  data: 0.0001  max mem: 18664
Val:  [24/25]  eta: 0:00:00  loss: 0.6558 (0.6769)  accuracy: 0.6389 (0.6408)  balanced_accuracy: 0.6381 (0.6363)  time: 0.0945  data: 0.0001  max mem: 18664
Val: Total time: 0:00:02 (0.1063 s / it)
* loss 0.677
Accuracy of the network on the 1751 val EEG: 0.64%
Test:  [ 0/25]  eta: 0:00:07  loss: 0.7621 (0.7621)  accuracy: 0.5972 (0.5972)  balanced_accuracy: 0.5937 (0.5937)  time: 0.3010  data: 0.1995  max mem: 18664
Test:  [10/25]  eta: 0:00:01  loss: 0.6660 (0.6731)  accuracy: 0.6528 (0.6465)  balanced_accuracy: 0.6548 (0.6435)  time: 0.1164  data: 0.0183  max mem: 18664
Test:  [20/25]  eta: 0:00:00  loss: 0.6338 (0.6634)  accuracy: 0.6667 (0.6528)  balanced_accuracy: 0.6548 (0.6470)  time: 0.0978  data: 0.0001  max mem: 18664
Test:  [24/25]  eta: 0:00:00  loss: 0.6295 (0.6613)  accuracy: 0.6806 (0.6527)  balanced_accuracy: 0.6656 (0.6471)  time: 0.0951  data: 0.0001  max mem: 18664
Test: Total time: 0:00:02 (0.1066 s / it)
* loss 0.661
Accuracy of the network on the 1762 test EEG: 0.65%
Max accuracy val: 0.64%, max accuracy test: 0.65%
Epoch: [5]  [ 0/37]  eta: 0:00:14  lr: 0.000500  min_lr: 0.000127  loss: 0.4752 (0.4752)  class_acc: 0.8125 (0.8125)  loss_scale: 512.0000 (512.0000)  weight_decay: 0.0500 (0.0500)  grad_norm: 15.3390 (15.3390)  time: 0.3977  data: 0.1746  max mem: 18664
Epoch: [5]  [10/37]  eta: 0:00:06  lr: 0.000500  min_lr: 0.000127  loss: 0.4950 (0.5241)  class_acc: 0.7917 (0.7689)  loss_scale: 512.0000 (512.0000)  weight_decay: 0.0500 (0.0500)  grad_norm: 22.2272 (24.1074)  time: 0.2365  data: 0.0161  max mem: 18664
Epoch: [5]  [20/37]  eta: 0:00:03  lr: 0.000500  min_lr: 0.000127  loss: 0.5008 (0.5153)  class_acc: 0.7708 (0.7758)  loss_scale: 512.0000 (512.0000)  weight_decay: 0.0500 (0.0500)  grad_norm: 18.9836 (22.4294)  time: 0.2201  data: 0.0002  max mem: 18664
Epoch: [5]  [30/37]  eta: 0:00:01  lr: 0.000500  min_lr: 0.000127  loss: 0.5151 (0.5269)  class_acc: 0.7708 (0.7681)  loss_scale: 512.0000 (512.0000)  weight_decay: 0.0500 (0.0500)  grad_norm: 18.9420 (21.6889)  time: 0.2200  data: 0.0001  max mem: 18664
Epoch: [5]  [36/37]  eta: 0:00:00  lr: 0.000499  min_lr: 0.000127  loss: 0.5151 (0.5279)  class_acc: 0.7500 (0.7650)  loss_scale: 512.0000 (512.0000)  weight_decay: 0.0500 (0.0500)  grad_norm: 18.9836 (22.0864)  time: 0.2088  data: 0.0001  max mem: 18664
Epoch: [5] Total time: 0:00:08 (0.2209 s / it)
Averaged stats: lr: 0.000499  min_lr: 0.000127  loss: 0.5151 (0.5290)  class_acc: 0.7500 (0.7566)  loss_scale: 512.0000 (512.0000)  weight_decay: 0.0500 (0.0500)  grad_norm: 18.9836 (22.0864)
Val:  [ 0/25]  eta: 0:00:07  loss: 0.7217 (0.7217)  accuracy: 0.5556 (0.5556)  balanced_accuracy: 0.5664 (0.5664)  time: 0.3124  data: 0.2111  max mem: 18664
Val:  [10/25]  eta: 0:00:01  loss: 0.7217 (0.7027)  accuracy: 0.5972 (0.5997)  balanced_accuracy: 0.5929 (0.6030)  time: 0.1177  data: 0.0193  max mem: 18664
Val:  [20/25]  eta: 0:00:00  loss: 0.6841 (0.6877)  accuracy: 0.5972 (0.6085)  balanced_accuracy: 0.5965 (0.6150)  time: 0.0979  data: 0.0001  max mem: 18664
Val:  [24/25]  eta: 0:00:00  loss: 0.6695 (0.6837)  accuracy: 0.6250 (0.6111)  balanced_accuracy: 0.6270 (0.6175)  time: 0.0945  data: 0.0001  max mem: 18664
Val: Total time: 0:00:02 (0.1065 s / it)
* loss 0.684
Accuracy of the network on the 1751 val EEG: 0.61%
Test:  [ 0/25]  eta: 0:00:08  loss: 0.6620 (0.6620)  accuracy: 0.6250 (0.6250)  balanced_accuracy: 0.6262 (0.6262)  time: 0.3215  data: 0.2202  max mem: 18664
Test:  [10/25]  eta: 0:00:01  loss: 0.6330 (0.6599)  accuracy: 0.6528 (0.6465)  balanced_accuracy: 0.6738 (0.6525)  time: 0.1189  data: 0.0202  max mem: 18664
Test:  [20/25]  eta: 0:00:00  loss: 0.6519 (0.6679)  accuracy: 0.6250 (0.6349)  balanced_accuracy: 0.6251 (0.6409)  time: 0.0987  data: 0.0001  max mem: 18664
Test:  [24/25]  eta: 0:00:00  loss: 0.6330 (0.6625)  accuracy: 0.6250 (0.6368)  balanced_accuracy: 0.6434 (0.6427)  time: 0.0960  data: 0.0001  max mem: 18664
Test: Total time: 0:00:02 (0.1077 s / it)
* loss 0.663
Accuracy of the network on the 1762 test EEG: 0.64%
Max accuracy val: 0.64%, max accuracy test: 0.65%
Epoch: [6]  [ 0/37]  eta: 0:00:15  lr: 0.000499  min_lr: 0.000127  loss: 0.5303 (0.5303)  class_acc: 0.6875 (0.6875)  loss_scale: 512.0000 (512.0000)  weight_decay: 0.0500 (0.0500)  grad_norm: 18.9994 (18.9994)  time: 0.4067  data: 0.1828  max mem: 18664
Epoch: [6]  [10/37]  eta: 0:00:06  lr: 0.000499  min_lr: 0.000127  loss: 0.4811 (0.4902)  class_acc: 0.7917 (0.7765)  loss_scale: 512.0000 (512.0000)  weight_decay: 0.0500 (0.0500)  grad_norm: 20.3391 (21.6779)  time: 0.2368  data: 0.0168  max mem: 18664
Epoch: [6]  [20/37]  eta: 0:00:03  lr: 0.000499  min_lr: 0.000127  loss: 0.4745 (0.4868)  class_acc: 0.7917 (0.7808)  loss_scale: 512.0000 (512.0000)  weight_decay: 0.0500 (0.0500)  grad_norm: 21.4347 (22.7582)  time: 0.2198  data: 0.0001  max mem: 18664
Epoch: [6]  [30/37]  eta: 0:00:01  lr: 0.000498  min_lr: 0.000127  loss: 0.4956 (0.5082)  class_acc: 0.7500 (0.7634)  loss_scale: 512.0000 (512.0000)  weight_decay: 0.0500 (0.0500)  grad_norm: 17.5278 (20.5755)  time: 0.2200  data: 0.0001  max mem: 18664
Epoch: [6]  [36/37]  eta: 0:00:00  lr: 0.000498  min_lr: 0.000126  loss: 0.5110 (0.5188)  class_acc: 0.7500 (0.7541)  loss_scale: 512.0000 (512.0000)  weight_decay: 0.0500 (0.0500)  grad_norm: 17.0197 (20.4644)  time: 0.2089  data: 0.0001  max mem: 18664
Epoch: [6] Total time: 0:00:08 (0.2211 s / it)
Averaged stats: lr: 0.000498  min_lr: 0.000126  loss: 0.5110 (0.5213)  class_acc: 0.7500 (0.7546)  loss_scale: 512.0000 (512.0000)  weight_decay: 0.0500 (0.0500)  grad_norm: 17.0197 (20.4644)
Val:  [ 0/25]  eta: 0:00:08  loss: 0.7286 (0.7286)  accuracy: 0.6389 (0.6389)  balanced_accuracy: 0.6317 (0.6317)  time: 0.3566  data: 0.2565  max mem: 18664
Val:  [10/25]  eta: 0:00:01  loss: 0.6779 (0.6716)  accuracy: 0.6528 (0.6389)  balanced_accuracy: 0.6317 (0.6275)  time: 0.1214  data: 0.0235  max mem: 18664
Val:  [20/25]  eta: 0:00:00  loss: 0.6399 (0.6569)  accuracy: 0.6528 (0.6534)  balanced_accuracy: 0.6389 (0.6352)  time: 0.0978  data: 0.0002  max mem: 18664
Val:  [24/25]  eta: 0:00:00  loss: 0.6399 (0.6614)  accuracy: 0.6528 (0.6488)  balanced_accuracy: 0.6347 (0.6320)  time: 0.0945  data: 0.0001  max mem: 18664
Val: Total time: 0:00:02 (0.1076 s / it)
* loss 0.661
Accuracy of the network on the 1751 val EEG: 0.65%
Test:  [ 0/25]  eta: 0:00:07  loss: 0.6625 (0.6625)  accuracy: 0.6528 (0.6528)  balanced_accuracy: 0.6432 (0.6432)  time: 0.3050  data: 0.1995  max mem: 18664
Test:  [10/25]  eta: 0:00:01  loss: 0.6625 (0.6571)  accuracy: 0.6528 (0.6490)  balanced_accuracy: 0.6399 (0.6372)  time: 0.1171  data: 0.0183  max mem: 18664
Test:  [20/25]  eta: 0:00:00  loss: 0.6514 (0.6527)  accuracy: 0.6528 (0.6548)  balanced_accuracy: 0.6399 (0.6400)  time: 0.0983  data: 0.0002  max mem: 18664
Test:  [24/25]  eta: 0:00:00  loss: 0.6189 (0.6498)  accuracy: 0.6667 (0.6561)  balanced_accuracy: 0.6575 (0.6422)  time: 0.0957  data: 0.0001  max mem: 18664
Test: Total time: 0:00:02 (0.1068 s / it)
* loss 0.650
Accuracy of the network on the 1762 test EEG: 0.66%
Max accuracy val: 0.65%, max accuracy test: 0.66%
Epoch: [7]  [ 0/37]  eta: 0:00:16  lr: 0.000498  min_lr: 0.000126  loss: 0.5328 (0.5328)  class_acc: 0.7708 (0.7708)  loss_scale: 512.0000 (512.0000)  weight_decay: 0.0500 (0.0500)  grad_norm: 10.6710 (10.6710)  time: 0.4448  data: 0.2207  max mem: 18664
Epoch: [7]  [10/37]  eta: 0:00:06  lr: 0.000497  min_lr: 0.000126  loss: 0.4899 (0.4817)  class_acc: 0.7708 (0.7841)  loss_scale: 512.0000 (512.0000)  weight_decay: 0.0500 (0.0500)  grad_norm: 16.1149 (18.5706)  time: 0.2404  data: 0.0202  max mem: 18664
Epoch: [7]  [20/37]  eta: 0:00:03  lr: 0.000496  min_lr: 0.000126  loss: 0.4914 (0.5046)  class_acc: 0.7708 (0.7768)  loss_scale: 512.0000 (512.0000)  weight_decay: 0.0500 (0.0500)  grad_norm: 19.0020 (21.9695)  time: 0.2201  data: 0.0001  max mem: 18664
Epoch: [7]  [30/37]  eta: 0:00:01  lr: 0.000495  min_lr: 0.000126  loss: 0.4966 (0.5039)  class_acc: 0.7708 (0.7702)  loss_scale: 512.0000 (512.0000)  weight_decay: 0.0500 (0.0500)  grad_norm: 21.8132 (21.5133)  time: 0.2200  data: 0.0001  max mem: 18664
Epoch: [7]  [36/37]  eta: 0:00:00  lr: 0.000495  min_lr: 0.000126  loss: 0.5116 (0.5133)  class_acc: 0.7500 (0.7610)  loss_scale: 512.0000 (512.0000)  weight_decay: 0.0500 (0.0500)  grad_norm: 19.3269 (20.6649)  time: 0.2087  data: 0.0001  max mem: 18664
Epoch: [7] Total time: 0:00:08 (0.2222 s / it)
Averaged stats: lr: 0.000495  min_lr: 0.000126  loss: 0.5116 (0.5187)  class_acc: 0.7500 (0.7608)  loss_scale: 512.0000 (512.0000)  weight_decay: 0.0500 (0.0500)  grad_norm: 19.3269 (20.6649)
Val:  [ 0/25]  eta: 0:00:07  loss: 0.6626 (0.6626)  accuracy: 0.6111 (0.6111)  balanced_accuracy: 0.5967 (0.5967)  time: 0.3039  data: 0.2035  max mem: 18664
Val:  [10/25]  eta: 0:00:01  loss: 0.6870 (0.7014)  accuracy: 0.6111 (0.6073)  balanced_accuracy: 0.5967 (0.5885)  time: 0.1167  data: 0.0187  max mem: 18664
Val:  [20/25]  eta: 0:00:00  loss: 0.6795 (0.6750)  accuracy: 0.6250 (0.6409)  balanced_accuracy: 0.6207 (0.6118)  time: 0.0979  data: 0.0002  max mem: 18664
Val:  [24/25]  eta: 0:00:00  loss: 0.6795 (0.6819)  accuracy: 0.6389 (0.6311)  balanced_accuracy: 0.6068 (0.6045)  time: 0.0945  data: 0.0001  max mem: 18664
Val: Total time: 0:00:02 (0.1063 s / it)
* loss 0.682
Accuracy of the network on the 1751 val EEG: 0.63%
Test:  [ 0/25]  eta: 0:00:07  loss: 0.7298 (0.7298)  accuracy: 0.5972 (0.5972)  balanced_accuracy: 0.5813 (0.5813)  time: 0.2985  data: 0.1977  max mem: 18664
Test:  [10/25]  eta: 0:00:01  loss: 0.6787 (0.6639)  accuracy: 0.6389 (0.6515)  balanced_accuracy: 0.6154 (0.6290)  time: 0.1162  data: 0.0181  max mem: 18664
Test:  [20/25]  eta: 0:00:00  loss: 0.6472 (0.6614)  accuracy: 0.6528 (0.6567)  balanced_accuracy: 0.6269 (0.6330)  time: 0.0981  data: 0.0002  max mem: 18664
Test:  [24/25]  eta: 0:00:00  loss: 0.6309 (0.6662)  accuracy: 0.6667 (0.6493)  balanced_accuracy: 0.6365 (0.6269)  time: 0.0954  data: 0.0001  max mem: 18664
Test: Total time: 0:00:02 (0.1072 s / it)
* loss 0.666
Accuracy of the network on the 1762 test EEG: 0.65%
Max accuracy val: 0.65%, max accuracy test: 0.66%
Epoch: [8]  [ 0/37]  eta: 0:00:14  lr: 0.000495  min_lr: 0.000126  loss: 0.5077 (0.5077)  class_acc: 0.7292 (0.7292)  loss_scale: 512.0000 (512.0000)  weight_decay: 0.0500 (0.0500)  grad_norm: 26.8766 (26.8766)  time: 0.3868  data: 0.1597  max mem: 18664
Epoch: [8]  [10/37]  eta: 0:00:06  lr: 0.000493  min_lr: 0.000125  loss: 0.4926 (0.4948)  class_acc: 0.7917 (0.7955)  loss_scale: 512.0000 (512.0000)  weight_decay: 0.0500 (0.0500)  grad_norm: 16.2054 (18.0014)  time: 0.2349  data: 0.0146  max mem: 18664
Epoch: [8]  [20/37]  eta: 0:00:03  lr: 0.000492  min_lr: 0.000125  loss: 0.5091 (0.5154)  class_acc: 0.7708 (0.7738)  loss_scale: 512.0000 (512.0000)  weight_decay: 0.0500 (0.0500)  grad_norm: 19.8389 (22.6589)  time: 0.2197  data: 0.0001  max mem: 18664
Epoch: [8]  [30/37]  eta: 0:00:01  lr: 0.000491  min_lr: 0.000125  loss: 0.5138 (0.5142)  class_acc: 0.7500 (0.7688)  loss_scale: 512.0000 (512.0000)  weight_decay: 0.0500 (0.0500)  grad_norm: 20.0799 (21.4250)  time: 0.2198  data: 0.0001  max mem: 18664
Epoch: [8]  [36/37]  eta: 0:00:00  lr: 0.000490  min_lr: 0.000125  loss: 0.5031 (0.5113)  class_acc: 0.7500 (0.7674)  loss_scale: 512.0000 (512.0000)  weight_decay: 0.0500 (0.0500)  grad_norm: 18.4787 (20.4844)  time: 0.2087  data: 0.0001  max mem: 18664
Epoch: [8] Total time: 0:00:08 (0.2201 s / it)
Averaged stats: lr: 0.000490  min_lr: 0.000125  loss: 0.5031 (0.5133)  class_acc: 0.7500 (0.7703)  loss_scale: 512.0000 (512.0000)  weight_decay: 0.0500 (0.0500)  grad_norm: 18.4787 (20.4844)
Val:  [ 0/25]  eta: 0:00:07  loss: 0.7598 (0.7598)  accuracy: 0.5833 (0.5833)  balanced_accuracy: 0.5828 (0.5828)  time: 0.2979  data: 0.1954  max mem: 18664
Val:  [10/25]  eta: 0:00:01  loss: 0.6859 (0.7017)  accuracy: 0.6111 (0.6098)  balanced_accuracy: 0.6053 (0.6037)  time: 0.1163  data: 0.0179  max mem: 18664
Val:  [20/25]  eta: 0:00:00  loss: 0.6711 (0.6804)  accuracy: 0.6250 (0.6415)  balanced_accuracy: 0.6269 (0.6319)  time: 0.0979  data: 0.0001  max mem: 18664
Val:  [24/25]  eta: 0:00:00  loss: 0.6711 (0.6843)  accuracy: 0.6389 (0.6385)  balanced_accuracy: 0.6269 (0.6302)  time: 0.0945  data: 0.0001  max mem: 18664
Val: Total time: 0:00:02 (0.1059 s / it)
* loss 0.684
Accuracy of the network on the 1751 val EEG: 0.64%
Test:  [ 0/25]  eta: 0:00:07  loss: 0.7131 (0.7131)  accuracy: 0.6667 (0.6667)  balanced_accuracy: 0.6610 (0.6610)  time: 0.3082  data: 0.2074  max mem: 18664
Test:  [10/25]  eta: 0:00:01  loss: 0.6499 (0.6500)  accuracy: 0.6667 (0.6591)  balanced_accuracy: 0.6610 (0.6514)  time: 0.1173  data: 0.0190  max mem: 18664
Test:  [20/25]  eta: 0:00:00  loss: 0.6608 (0.6642)  accuracy: 0.6667 (0.6581)  balanced_accuracy: 0.6573 (0.6487)  time: 0.0980  data: 0.0002  max mem: 18664
Test:  [24/25]  eta: 0:00:00  loss: 0.6608 (0.6637)  accuracy: 0.6765 (0.6549)  balanced_accuracy: 0.6506 (0.6460)  time: 0.0952  data: 0.0001  max mem: 18664
Test: Total time: 0:00:02 (0.1065 s / it)
* loss 0.664
Accuracy of the network on the 1762 test EEG: 0.65%
Max accuracy val: 0.65%, max accuracy test: 0.66%
Epoch: [9]  [ 0/37]  eta: 0:00:14  lr: 0.000490  min_lr: 0.000125  loss: 0.4105 (0.4105)  class_acc: 0.8333 (0.8333)  loss_scale: 512.0000 (512.0000)  weight_decay: 0.0500 (0.0500)  grad_norm: 17.4316 (17.4316)  time: 0.3899  data: 0.1657  max mem: 18664
Epoch: [9]  [10/37]  eta: 0:00:06  lr: 0.000489  min_lr: 0.000124  loss: 0.4267 (0.4503)  class_acc: 0.8125 (0.8106)  loss_scale: 512.0000 (512.0000)  weight_decay: 0.0500 (0.0500)  grad_norm: 19.2348 (26.4701)  time: 0.2348  data: 0.0152  max mem: 18664
Epoch: [9]  [20/37]  eta: 0:00:03  lr: 0.000487  min_lr: 0.000124  loss: 0.4839 (0.4861)  class_acc: 0.7917 (0.7827)  loss_scale: 512.0000 (512.0000)  weight_decay: 0.0500 (0.0500)  grad_norm: 26.4822 (29.6269)  time: 0.2195  data: 0.0001  max mem: 18664
Epoch: [9]  [30/37]  eta: 0:00:01  lr: 0.000486  min_lr: 0.000124  loss: 0.5418 (0.5112)  class_acc: 0.7292 (0.7614)  loss_scale: 512.0000 (512.0000)  weight_decay: 0.0500 (0.0500)  grad_norm: 22.6246 (25.7932)  time: 0.2196  data: 0.0001  max mem: 18664
Epoch: [9]  [36/37]  eta: 0:00:00  lr: 0.000485  min_lr: 0.000123  loss: 0.5418 (0.5141)  class_acc: 0.7292 (0.7598)  loss_scale: 512.0000 (512.0000)  weight_decay: 0.0500 (0.0500)  grad_norm: 16.5050 (24.0090)  time: 0.2083  data: 0.0001  max mem: 18664
Epoch: [9] Total time: 0:00:08 (0.2199 s / it)
Averaged stats: lr: 0.000485  min_lr: 0.000123  loss: 0.5418 (0.5029)  class_acc: 0.7292 (0.7693)  loss_scale: 512.0000 (512.0000)  weight_decay: 0.0500 (0.0500)  grad_norm: 16.5050 (24.0090)
Val:  [ 0/25]  eta: 0:00:08  loss: 0.6987 (0.6987)  accuracy: 0.6389 (0.6389)  balanced_accuracy: 0.6317 (0.6317)  time: 0.3254  data: 0.2242  max mem: 18664
Val:  [10/25]  eta: 0:00:01  loss: 0.6987 (0.6829)  accuracy: 0.6250 (0.6199)  balanced_accuracy: 0.6072 (0.6110)  time: 0.1190  data: 0.0205  max mem: 18664
Val:  [20/25]  eta: 0:00:00  loss: 0.6444 (0.6630)  accuracy: 0.6250 (0.6462)  balanced_accuracy: 0.6158 (0.6346)  time: 0.0980  data: 0.0001  max mem: 18664
Val:  [24/25]  eta: 0:00:00  loss: 0.6489 (0.6683)  accuracy: 0.6389 (0.6436)  balanced_accuracy: 0.6281 (0.6334)  time: 0.0946  data: 0.0001  max mem: 18664
Val: Total time: 0:00:02 (0.1068 s / it)
* loss 0.668
Accuracy of the network on the 1751 val EEG: 0.64%
Test:  [ 0/25]  eta: 0:00:07  loss: 0.7349 (0.7349)  accuracy: 0.5833 (0.5833)  balanced_accuracy: 0.5774 (0.5774)  time: 0.3049  data: 0.2034  max mem: 18664
Test:  [10/25]  eta: 0:00:01  loss: 0.6570 (0.6558)  accuracy: 0.6667 (0.6654)  balanced_accuracy: 0.6573 (0.6566)  time: 0.1167  data: 0.0186  max mem: 18664
Test:  [20/25]  eta: 0:00:00  loss: 0.6193 (0.6400)  accuracy: 0.6806 (0.6753)  balanced_accuracy: 0.6573 (0.6638)  time: 0.0981  data: 0.0002  max mem: 18664
