
========== Launch ==========
[DATASET ] read
[DATAROOT] /usr/data/yeqi3/labram_fold/read
[OUTPUT  ] /usr/data/yeqi3/LaBraM_log/multids/cv/read
[LOG     ] /usr/data/yeqi3/LaBraM_log/multids/log/read
[PORT    ] 29501 (Base)
/home/yeqi3/anaconda3/envs/cyr/bin/torchrun --nproc_per_node=3 /home/yeqi3/cyr/code/LaBraM/run_class_finetuning.py --dataset MATH_KFOLD --data_root /usr/data/yeqi3/labram_fold/read --kfold_num 5 --nb_classes 1 --model labram_base_patch200_200 --input_size 200 --batch_size 48 --epochs 200 --lr 3e-05 --warmup_epochs 3 --layer_decay 0.8 --drop_path 0.1 --update_freq 1 --save_ckpt_freq 9999 --num_workers 4 --seed 42 --output_dir /usr/data/yeqi3/LaBraM_log/multids/cv/read --log_dir /usr/data/yeqi3/LaBraM_log/multids/log/read --disable_rel_pos_bias --abs_pos_emb --disable_qkv_bias --finetune /home/yeqi3/cyr/code/LaBraM/checkpoints/labram-base.pth
============================

Traceback (most recent call last):
  File "/home/yeqi3/anaconda3/envs/cyr/bin/torchrun", line 8, in <module>
    sys.exit(main())
  File "/home/yeqi3/anaconda3/envs/cyr/lib/python3.10/site-packages/torch/distributed/elastic/multiprocessing/errors/__init__.py", line 355, in wrapper
    return f(*args, **kwargs)
  File "/home/yeqi3/anaconda3/envs/cyr/lib/python3.10/site-packages/torch/distributed/run.py", line 919, in main
    run(args)
  File "/home/yeqi3/anaconda3/envs/cyr/lib/python3.10/site-packages/torch/distributed/run.py", line 910, in run
    elastic_launch(
  File "/home/yeqi3/anaconda3/envs/cyr/lib/python3.10/site-packages/torch/distributed/launcher/api.py", line 138, in __call__
    return launch_agent(self._config, self._entrypoint, list(args))
  File "/home/yeqi3/anaconda3/envs/cyr/lib/python3.10/site-packages/torch/distributed/launcher/api.py", line 260, in launch_agent
    result = agent.run()
  File "/home/yeqi3/anaconda3/envs/cyr/lib/python3.10/site-packages/torch/distributed/elastic/metrics/api.py", line 137, in wrapper
    result = f(*args, **kwargs)
  File "/home/yeqi3/anaconda3/envs/cyr/lib/python3.10/site-packages/torch/distributed/elastic/agent/server/api.py", line 696, in run
    result = self._invoke_run(role)
  File "/home/yeqi3/anaconda3/envs/cyr/lib/python3.10/site-packages/torch/distributed/elastic/agent/server/api.py", line 849, in _invoke_run
    self._initialize_workers(self._worker_group)
  File "/home/yeqi3/anaconda3/envs/cyr/lib/python3.10/site-packages/torch/distributed/elastic/metrics/api.py", line 137, in wrapper
    result = f(*args, **kwargs)
  File "/home/yeqi3/anaconda3/envs/cyr/lib/python3.10/site-packages/torch/distributed/elastic/agent/server/api.py", line 668, in _initialize_workers
    self._rendezvous(worker_group)
  File "/home/yeqi3/anaconda3/envs/cyr/lib/python3.10/site-packages/torch/distributed/elastic/metrics/api.py", line 137, in wrapper
    result = f(*args, **kwargs)
  File "/home/yeqi3/anaconda3/envs/cyr/lib/python3.10/site-packages/torch/distributed/elastic/agent/server/api.py", line 500, in _rendezvous
    rdzv_info = spec.rdzv_handler.next_rendezvous()
  File "/home/yeqi3/anaconda3/envs/cyr/lib/python3.10/site-packages/torch/distributed/elastic/rendezvous/static_tcp_rendezvous.py", line 67, in next_rendezvous
    self._store = TCPStore(  # type: ignore[call-arg]
RuntimeError: The server socket has failed to listen on any local network address. port: 29500, useIpv6: 0, code: -98, name: EADDRINUSE, message: address already in use

========== Launch ==========
[DATASET ] type
[DATAROOT] /usr/data/yeqi3/labram_fold/type
[OUTPUT  ] /usr/data/yeqi3/LaBraM_log/multids/cv/type
[LOG     ] /usr/data/yeqi3/LaBraM_log/multids/log/type
[PORT    ] 29511 (Base)
/home/yeqi3/anaconda3/envs/cyr/bin/torchrun --nproc_per_node=3 /home/yeqi3/cyr/code/LaBraM/run_class_finetuning.py --dataset MATH_KFOLD --data_root /usr/data/yeqi3/labram_fold/type --kfold_num 5 --nb_classes 1 --model labram_base_patch200_200 --input_size 200 --batch_size 48 --epochs 200 --lr 3e-05 --warmup_epochs 3 --layer_decay 0.8 --drop_path 0.1 --update_freq 1 --save_ckpt_freq 9999 --num_workers 4 --seed 42 --output_dir /usr/data/yeqi3/LaBraM_log/multids/cv/type --log_dir /usr/data/yeqi3/LaBraM_log/multids/log/type --disable_rel_pos_bias --abs_pos_emb --disable_qkv_bias --finetune /home/yeqi3/cyr/code/LaBraM/checkpoints/labram-base.pth
============================

Traceback (most recent call last):
  File "/home/yeqi3/anaconda3/envs/cyr/bin/torchrun", line 8, in <module>
    sys.exit(main())
  File "/home/yeqi3/anaconda3/envs/cyr/lib/python3.10/site-packages/torch/distributed/elastic/multiprocessing/errors/__init__.py", line 355, in wrapper
    return f(*args, **kwargs)
  File "/home/yeqi3/anaconda3/envs/cyr/lib/python3.10/site-packages/torch/distributed/run.py", line 919, in main
    run(args)
  File "/home/yeqi3/anaconda3/envs/cyr/lib/python3.10/site-packages/torch/distributed/run.py", line 910, in run
    elastic_launch(
  File "/home/yeqi3/anaconda3/envs/cyr/lib/python3.10/site-packages/torch/distributed/launcher/api.py", line 138, in __call__
    return launch_agent(self._config, self._entrypoint, list(args))
  File "/home/yeqi3/anaconda3/envs/cyr/lib/python3.10/site-packages/torch/distributed/launcher/api.py", line 260, in launch_agent
    result = agent.run()
  File "/home/yeqi3/anaconda3/envs/cyr/lib/python3.10/site-packages/torch/distributed/elastic/metrics/api.py", line 137, in wrapper
    result = f(*args, **kwargs)
  File "/home/yeqi3/anaconda3/envs/cyr/lib/python3.10/site-packages/torch/distributed/elastic/agent/server/api.py", line 696, in run
    result = self._invoke_run(role)
  File "/home/yeqi3/anaconda3/envs/cyr/lib/python3.10/site-packages/torch/distributed/elastic/agent/server/api.py", line 849, in _invoke_run
    self._initialize_workers(self._worker_group)
  File "/home/yeqi3/anaconda3/envs/cyr/lib/python3.10/site-packages/torch/distributed/elastic/metrics/api.py", line 137, in wrapper
    result = f(*args, **kwargs)
  File "/home/yeqi3/anaconda3/envs/cyr/lib/python3.10/site-packages/torch/distributed/elastic/agent/server/api.py", line 668, in _initialize_workers
    self._rendezvous(worker_group)
  File "/home/yeqi3/anaconda3/envs/cyr/lib/python3.10/site-packages/torch/distributed/elastic/metrics/api.py", line 137, in wrapper
    result = f(*args, **kwargs)
  File "/home/yeqi3/anaconda3/envs/cyr/lib/python3.10/site-packages/torch/distributed/elastic/agent/server/api.py", line 500, in _rendezvous
    rdzv_info = spec.rdzv_handler.next_rendezvous()
  File "/home/yeqi3/anaconda3/envs/cyr/lib/python3.10/site-packages/torch/distributed/elastic/rendezvous/static_tcp_rendezvous.py", line 67, in next_rendezvous
    self._store = TCPStore(  # type: ignore[call-arg]
RuntimeError: The server socket has failed to listen on any local network address. port: 29500, useIpv6: 0, code: -98, name: EADDRINUSE, message: address already in use

========== Launch ==========
[DATASET ] read_new
[DATAROOT] /usr/data/yeqi3/labram_fold/read_new
[OUTPUT  ] /usr/data/yeqi3/LaBraM_log/multids/cv/read_new
[LOG     ] /usr/data/yeqi3/LaBraM_log/multids/log/read_new
[PORT    ] 29521 (Base)
/home/yeqi3/anaconda3/envs/cyr/bin/torchrun --nproc_per_node=3 /home/yeqi3/cyr/code/LaBraM/run_class_finetuning.py --dataset MATH_KFOLD --data_root /usr/data/yeqi3/labram_fold/read_new --kfold_num 5 --nb_classes 1 --model labram_base_patch200_200 --input_size 200 --batch_size 48 --epochs 200 --lr 3e-05 --warmup_epochs 3 --layer_decay 0.8 --drop_path 0.1 --update_freq 1 --save_ckpt_freq 9999 --num_workers 4 --seed 42 --output_dir /usr/data/yeqi3/LaBraM_log/multids/cv/read_new --log_dir /usr/data/yeqi3/LaBraM_log/multids/log/read_new --disable_rel_pos_bias --abs_pos_emb --disable_qkv_bias --finetune /home/yeqi3/cyr/code/LaBraM/checkpoints/labram-base.pth
============================

Traceback (most recent call last):
  File "/home/yeqi3/anaconda3/envs/cyr/bin/torchrun", line 8, in <module>
    sys.exit(main())
  File "/home/yeqi3/anaconda3/envs/cyr/lib/python3.10/site-packages/torch/distributed/elastic/multiprocessing/errors/__init__.py", line 355, in wrapper
    return f(*args, **kwargs)
  File "/home/yeqi3/anaconda3/envs/cyr/lib/python3.10/site-packages/torch/distributed/run.py", line 919, in main
    run(args)
  File "/home/yeqi3/anaconda3/envs/cyr/lib/python3.10/site-packages/torch/distributed/run.py", line 910, in run
    elastic_launch(
  File "/home/yeqi3/anaconda3/envs/cyr/lib/python3.10/site-packages/torch/distributed/launcher/api.py", line 138, in __call__
    return launch_agent(self._config, self._entrypoint, list(args))
  File "/home/yeqi3/anaconda3/envs/cyr/lib/python3.10/site-packages/torch/distributed/launcher/api.py", line 260, in launch_agent
    result = agent.run()
  File "/home/yeqi3/anaconda3/envs/cyr/lib/python3.10/site-packages/torch/distributed/elastic/metrics/api.py", line 137, in wrapper
    result = f(*args, **kwargs)
  File "/home/yeqi3/anaconda3/envs/cyr/lib/python3.10/site-packages/torch/distributed/elastic/agent/server/api.py", line 696, in run
    result = self._invoke_run(role)
  File "/home/yeqi3/anaconda3/envs/cyr/lib/python3.10/site-packages/torch/distributed/elastic/agent/server/api.py", line 849, in _invoke_run
    self._initialize_workers(self._worker_group)
  File "/home/yeqi3/anaconda3/envs/cyr/lib/python3.10/site-packages/torch/distributed/elastic/metrics/api.py", line 137, in wrapper
    result = f(*args, **kwargs)
  File "/home/yeqi3/anaconda3/envs/cyr/lib/python3.10/site-packages/torch/distributed/elastic/agent/server/api.py", line 668, in _initialize_workers
    self._rendezvous(worker_group)
  File "/home/yeqi3/anaconda3/envs/cyr/lib/python3.10/site-packages/torch/distributed/elastic/metrics/api.py", line 137, in wrapper
    result = f(*args, **kwargs)
  File "/home/yeqi3/anaconda3/envs/cyr/lib/python3.10/site-packages/torch/distributed/elastic/agent/server/api.py", line 500, in _rendezvous
    rdzv_info = spec.rdzv_handler.next_rendezvous()
  File "/home/yeqi3/anaconda3/envs/cyr/lib/python3.10/site-packages/torch/distributed/elastic/rendezvous/static_tcp_rendezvous.py", line 67, in next_rendezvous
    self._store = TCPStore(  # type: ignore[call-arg]
RuntimeError: The server socket has failed to listen on any local network address. port: 29500, useIpv6: 0, code: -98, name: EADDRINUSE, message: address already in use

========== Launch ==========
[DATASET ] type_new
[DATAROOT] /usr/data/yeqi3/labram_fold/type_new
[OUTPUT  ] /usr/data/yeqi3/LaBraM_log/multids/cv/type_new
[LOG     ] /usr/data/yeqi3/LaBraM_log/multids/log/type_new
[PORT    ] 29531 (Base)
/home/yeqi3/anaconda3/envs/cyr/bin/torchrun --nproc_per_node=3 /home/yeqi3/cyr/code/LaBraM/run_class_finetuning.py --dataset MATH_KFOLD --data_root /usr/data/yeqi3/labram_fold/type_new --kfold_num 5 --nb_classes 1 --model labram_base_patch200_200 --input_size 200 --batch_size 48 --epochs 200 --lr 3e-05 --warmup_epochs 3 --layer_decay 0.8 --drop_path 0.1 --update_freq 1 --save_ckpt_freq 9999 --num_workers 4 --seed 42 --output_dir /usr/data/yeqi3/LaBraM_log/multids/cv/type_new --log_dir /usr/data/yeqi3/LaBraM_log/multids/log/type_new --disable_rel_pos_bias --abs_pos_emb --disable_qkv_bias --finetune /home/yeqi3/cyr/code/LaBraM/checkpoints/labram-base.pth
============================

Traceback (most recent call last):
  File "/home/yeqi3/anaconda3/envs/cyr/bin/torchrun", line 8, in <module>
    sys.exit(main())
  File "/home/yeqi3/anaconda3/envs/cyr/lib/python3.10/site-packages/torch/distributed/elastic/multiprocessing/errors/__init__.py", line 355, in wrapper
    return f(*args, **kwargs)
  File "/home/yeqi3/anaconda3/envs/cyr/lib/python3.10/site-packages/torch/distributed/run.py", line 919, in main
    run(args)
  File "/home/yeqi3/anaconda3/envs/cyr/lib/python3.10/site-packages/torch/distributed/run.py", line 910, in run
    elastic_launch(
  File "/home/yeqi3/anaconda3/envs/cyr/lib/python3.10/site-packages/torch/distributed/launcher/api.py", line 138, in __call__
    return launch_agent(self._config, self._entrypoint, list(args))
  File "/home/yeqi3/anaconda3/envs/cyr/lib/python3.10/site-packages/torch/distributed/launcher/api.py", line 260, in launch_agent
    result = agent.run()
  File "/home/yeqi3/anaconda3/envs/cyr/lib/python3.10/site-packages/torch/distributed/elastic/metrics/api.py", line 137, in wrapper
    result = f(*args, **kwargs)
  File "/home/yeqi3/anaconda3/envs/cyr/lib/python3.10/site-packages/torch/distributed/elastic/agent/server/api.py", line 696, in run
    result = self._invoke_run(role)
  File "/home/yeqi3/anaconda3/envs/cyr/lib/python3.10/site-packages/torch/distributed/elastic/agent/server/api.py", line 849, in _invoke_run
    self._initialize_workers(self._worker_group)
  File "/home/yeqi3/anaconda3/envs/cyr/lib/python3.10/site-packages/torch/distributed/elastic/metrics/api.py", line 137, in wrapper
    result = f(*args, **kwargs)
  File "/home/yeqi3/anaconda3/envs/cyr/lib/python3.10/site-packages/torch/distributed/elastic/agent/server/api.py", line 668, in _initialize_workers
    self._rendezvous(worker_group)
  File "/home/yeqi3/anaconda3/envs/cyr/lib/python3.10/site-packages/torch/distributed/elastic/metrics/api.py", line 137, in wrapper
    result = f(*args, **kwargs)
  File "/home/yeqi3/anaconda3/envs/cyr/lib/python3.10/site-packages/torch/distributed/elastic/agent/server/api.py", line 500, in _rendezvous
    rdzv_info = spec.rdzv_handler.next_rendezvous()
  File "/home/yeqi3/anaconda3/envs/cyr/lib/python3.10/site-packages/torch/distributed/elastic/rendezvous/static_tcp_rendezvous.py", line 67, in next_rendezvous
    self._store = TCPStore(  # type: ignore[call-arg]
RuntimeError: The server socket has failed to listen on any local network address. port: 29500, useIpv6: 0, code: -98, name: EADDRINUSE, message: address already in use
